******************************************************************************
             TMS320C2000 Linker PC v25.11.1                    
******************************************************************************
>> Linked Tue Sep  1 16:28:11 2026

OUTPUT FILE NAME:   <interrupt_ex1_external.out>
ENTRY POINT SYMBOL: "code_start"  address: 00000000


MEMORY CONFIGURATION

         name            origin    length      used     unused   attr    fill
----------------------  --------  ---------  --------  --------  ----  --------
PAGE 0:
  BEGIN                 00000000   00000002  00000002  00000000  RWIX
  RAMM0                 00000123   000002dd  00000024  000002b9  RWIX
  RAMLS0                00008000   00000800  000007fe  00000002  RWIX
  RAMLS1                00008800   00000800  00000800  00000000  RWIX
  RAMLS2                00009000   00000800  000000fd  00000703  RWIX
  RAMLS3                00009800   00000800  00000000  00000800  RWIX
  RAMLS4                0000a000   00000800  00000000  00000800  RWIX
  RAMD0                 0000b000   00000800  000007fe  00000002  RWIX
  FLASHA                00080002   00001ffe  00000000  00001ffe  RWIX
  FLASHB                00082000   00002000  00000000  00002000  RWIX
  FLASHC                00084000   00002000  00000000  00002000  RWIX
  FLASHD                00086000   00002000  00000000  00002000  RWIX
  FLASHE                00088000   00008000  00000000  00008000  RWIX
  FLASHF                00090000   00008000  00000000  00008000  RWIX
  FLASHG                00098000   00008000  00000000  00008000  RWIX
  FLASHH                000a0000   00008000  00000000  00008000  RWIX
  FLASHI                000a8000   00008000  00000000  00008000  RWIX
  FLASHJ                000b0000   00008000  00000000  00008000  RWIX
  FLASHK                000b8000   00002000  00000000  00002000  RWIX
  FLASHL                000ba000   00002000  00000000  00002000  RWIX
  FLASHM                000bc000   00002000  00000000  00002000  RWIX
  FLASHN                000be000   00001ff0  00000000  00001ff0  RWIX
  RESET                 003fffc0   00000002  00000000  00000002  RWIX

PAGE 1:
  BOOT_RSVD             00000002   00000121  00000000  00000121  RWIX
  RAMM1                 00000400   000003f8  00000100  000002f8  RWIX
  RAMLS5                0000a800   00000800  000003cd  00000433  RWIX
  RAMD1                 0000b800   00000800  00000000  00000800  RWIX
  RAMGS0                0000c000   00001000  00000000  00001000  RWIX
  RAMGS1                0000d000   00001000  00000000  00001000  RWIX
  RAMGS2                0000e000   00001000  00000000  00001000  RWIX
  RAMGS3                0000f000   00001000  00000000  00001000  RWIX
  RAMGS4                00010000   00001000  00000000  00001000  RWIX
  RAMGS5                00011000   00001000  00000000  00001000  RWIX
  RAMGS6                00012000   00001000  00000000  00001000  RWIX
  RAMGS7                00013000   00001000  00000000  00001000  RWIX
  RAMGS8                00014000   00001000  00000000  00001000  RWIX
  RAMGS9                00015000   00001000  00000000  00001000  RWIX
  RAMGS10               00016000   00001000  00000000  00001000  RWIX
  RAMGS11               00017000   00001000  00000000  00001000  RWIX
  RAMGS12               00018000   00001000  00000000  00001000  RWIX
  RAMGS13               00019000   00001000  00000000  00001000  RWIX
  RAMGS14               0001a000   00001000  00000000  00001000  RWIX
  RAMGS15               0001b000   00000ff8  00000000  00000ff8  RWIX
  CPU2TOCPU1RAM         0003f800   00000400  00000000  00000400  RWIX
  CPU1TOCPU2RAM         0003fc00   00000400  00000000  00000400  RWIX
  CANA_MSG_RAM          00049000   00000800  00000000  00000800  RWIX
  CANB_MSG_RAM          0004b000   00000800  00000000  00000800  RWIX


SECTION ALLOCATION MAP

 output                                  attributes/
section   page    origin      length       input sections
--------  ----  ----------  ----------   ----------------
codestart 
*          0    00000000    00000002     
                  00000000    00000002     F2837xD_CodeStartBranch.obj (codestart)

.cinit     0    00000128    00000020     
                  00000128    00000017     (.cinit..data.load) [load image, compression = lzss]
                  0000013f    00000001     --HOLE-- [fill = 0]
                  00000140    00000004     (__TI_handler_table)
                  00000144    00000004     (__TI_cinit_table)

.reset     0    003fffc0    00000000     DSECT

.stack     1    00000400    00000100     UNINITIALIZED
                  00000400    00000100     --HOLE--

.init_array 
*          0    00000123    00000000     UNINITIALIZED

.const     1    0000a800    000003af     
                  0000a800    0000011b     interrupt_ex1_external.obj (.const:.string)
                  0000a91b    00000001     --HOLE-- [fill = 0]
                  0000a91c    000000c2     driverlib_eabi.lib : sysctl.obj (.const:.string)
                  0000a9de    000000bc                        : epwm.obj (.const:.string)
                  0000aa9a    000000bc                        : gpio.obj (.const:.string)
                  0000ab56    00000045     board.obj (.const:.string)
                  0000ab9b    00000001     --HOLE-- [fill = 0]
                  0000ab9c    00000013     device.obj (.const:.string)

.data      1    0000abb0    0000001e     UNINITIALIZED
                  0000abb0    0000000e     interrupt_ex1_external.obj (.data)
                  0000abbe    00000002     rts2800_fpu32_eabi.lib : _lock.c.obj (.data:_lock)
                  0000abc0    00000006     device.obj (.data)
                  0000abc6    00000006     rts2800_fpu32_eabi.lib : exit.c.obj (.data)
                  0000abcc    00000002                            : _lock.c.obj (.data:_unlock)

.TI.ramfunc 
*          0    00000123    00000004     
                  00000123    00000004     driverlib_eabi.lib : sysctl.obj (.TI.ramfunc)

GETBUFFER 
*          0    0003f800    00000000     DSECT

GETWRITEIDX 
*          0    0003f800    00000000     DSECT

PUTREADIDX 
*          0    0003f800    00000000     DSECT

.text.1    0    00008000    000007fe     
                  00008000    000003ff     device.obj (.text)
                  000083ff    000003c8     interrupt_ex1_external.obj (.text)
                  000087c7    00000037     driverlib_eabi.lib : gpio.obj (.text:GPIO_setControllerCore)

.text.2    0    00008800    00000800     
                  00008800    00000209     driverlib_eabi.lib : sysctl.obj (.text:SysCtl_setClock)
                  00008a09    0000007c     interrupt_ex1_external.obj (.text:retain)
                  00008a85    00000068     driverlib_eabi.lib : sysctl.obj (.text:SysCtl_getDeviceParametric)
                  00008aed    00000052                        : gpio.obj (.text:GPIO_setPadConfig)
                  00008b3f    00000051                        : sysctl.obj (.text:SysCtl_getClock)
                  00008b90    00000048                        : sysctl.obj (.text:SysCtl_selectOscSource)
                  00008bd8    00000040                        : epwm.obj (.text:EPWM_setActionQualifierAction)
                  00008c18    0000003e                        : epwm.obj (.text:EPWM_setCounterCompareShadowLoadMode)
                  00008c56    0000003d                        : interrupt.obj (.text:Interrupt_initModule)
                  00008c93    0000003b                        : epwm.obj (.text:EPWM_isBaseValid)
                  00008cce    00000037                        : gpio.obj (.text:GPIO_setPinConfig)
                  00008d05    00000037                        : gpio.obj (.text:GPIO_setQualificationMode)
                  00008d3c    00000037                        : interrupt.obj (.text:Interrupt_enable)
                  00008d73    00000034                        : gpio.obj (.text:GPIO_setInterruptPin)
                  00008da7    00000031                        : gpio.obj (.text:GPIO_setDirectionMode)
                  00008dd8    0000002e     rts2800_fpu32_eabi.lib : copy_decompress_lzss.c.obj (.text:decompress:lzss)
                  00008e06    0000002b                            : autoinit.c.obj (.text:__TI_auto_init_nobinit_nopinit)
                  00008e31    00000029                            : exit.c.obj (.text)
                  00008e5a    00000028     driverlib_eabi.lib : sysctl.obj (.text:CPUTimer_selectClockSource)
                  00008e82    00000022                        : epwm.obj (.text:EPWM_setCounterCompareValue)
                  00008ea4    00000020     rts2800_fpu32_eabi.lib : memcpy.c.obj (.text)
                  00008ec4    0000001f     driverlib_eabi.lib : sysctl.obj (.text:CPUTimer_getTimerOverflowStatus)
                  00008ee3    0000001e                        : epwm.obj (.text:EPWM_setPhaseShift)
                  00008f01    0000001e                        : interrupt.obj (.text:Interrupt_initVectorTable)
                  00008f1f    0000001c                        : epwm.obj (.text:EPWM_setClockPrescaler)
                  00008f3b    0000001a                        : sysctl.obj (.text:CPUTimer_startTimer)
                  00008f55    0000001a                        : sysctl.obj (.text:SysCtl_getLowSpeedClock)
                  00008f6f    00000017                        : sysctl.obj (.text:CPUTimer_isBaseValid)
                  00008f86    00000017     rts2800_fpu32_eabi.lib : boot28.asm.obj (.text)
                  00008f9d    00000016     driverlib_eabi.lib : interrupt.obj (.text:Interrupt_defaultHandler)
                  00008fb3    00000016                        : gpio.obj (.text:XBAR_setInputPin)
                  00008fc9    00000014                        : sysctl.obj (.text:CPUTimer_stopTimer)
                  00008fdd    00000014                        : epwm.obj (.text:EPWM_setTimeBaseCounterMode)
                  00008ff1    0000000f                        : sysctl.obj (.text:SysCtl_pollCpuTimer)

.text.3    0    00009000    000000fd     
                  00009000    00000014     driverlib_eabi.lib : epwm.obj (.text:EPWM_setTimeBasePeriod)
                  00009014    00000012                        : sysctl.obj (.text:CPUTimer_clearOverflowFlag)
                  00009026    00000012                        : sysctl.obj (.text:CPUTimer_disableInterrupt)
                  00009038    00000012                        : epwm.obj (.text:EPWM_setTimeBaseCounter)
                  0000904a    00000012     rts2800_fpu32_eabi.lib : args_main.c.obj (.text)
                  0000905c    00000011     driverlib_eabi.lib : sysctl.obj (.text:CPUTimer_setPeriod)
                  0000906d    00000011                        : epwm.obj (.text:EPWM_disablePhaseShiftLoad)
                  0000907e    0000000f                        : epwm.obj (.text:SysCtl_setEPWMClockDivider)
                  0000908d    0000000e                        : gpio.obj (.text:GPIO_isPinValid)
                  0000909b    0000000d                        : interrupt.obj (.text:Interrupt_disableGlobal)
                  000090a8    0000000d                        : interrupt.obj (.text:Interrupt_enableGlobal)
                  000090b5    0000000b                        : sysctl.obj (.text:SysCtl_isMCDClockFailureDetected)
                  000090c0    0000000a                        : interrupt.obj (.text:Interrupt_illegalOperationHandler)
                  000090ca    0000000a                        : interrupt.obj (.text:Interrupt_nmiHandler)
                  000090d4    00000009                        : sysctl.obj (.text:SysCtl_serviceWatchdog)
                  000090dd    00000009     rts2800_fpu32_eabi.lib : _lock.c.obj (.text)
                  000090e6    00000008     F2837xD_CodeStartBranch.obj (.text)
                  000090ee    00000008     rts2800_fpu32_eabi.lib : copy_decompress_none.c.obj (.text:decompress:none)
                  000090f6    00000007     driverlib_eabi.lib : sysctl.obj (.text:SysCtl_resetMCD)

.text.4    0    0000b000    000007fe     
                  0000b000    000004d1     board.obj (.text)
                  0000b4d1    00000212     driverlib_eabi.lib : epwm.obj (.text:EPWM_configureSignal)
                  0000b6e3    00000090                        : sysctl.obj (.text:SysCtl_selectXTAL)
                  0000b773    00000088     rts2800_fpu32_eabi.lib : fs_div28.asm.obj (.text)
                  0000b7fb    00000002                            : pre_init.c.obj (.text)
                  0000b7fd    00000001                            : startup.c.obj (.text)

MODULE SUMMARY

       Module                        code   ro data   rw data
       ------                        ----   -------   -------
    .\
       interrupt_ex1_external.obj    1092   283       14     
    +--+-----------------------------+------+---------+---------+
       Total:                        1092   283       14     
                                                             
    .\device\
       device.obj                    1023   19        6      
       F2837xD_CodeStartBranch.obj   10     0         0      
    +--+-----------------------------+------+---------+---------+
       Total:                        1033   19        6      
                                                             
    .\syscfg\
       board.obj                     1233   69        0      
    +--+-----------------------------+------+---------+---------+
       Total:                        1233   69        0      
                                                             
    C:\ti\c2000\C2000Ware_26_01_00_00\driverlib\f2837xd\driverlib\ccs\Debug\driverlib_eabi.lib
       sysctl.obj                    1187   194       0      
       epwm.obj                      897    188       0      
       gpio.obj                      384    188       0      
       interrupt.obj                 214    0         0      
    +--+-----------------------------+------+---------+---------+
       Total:                        2682   570       0      
                                                             
    C:\ti\ccs2100\ccs\tools\compiler\ti-cgt-c2000_25.11.1.LTS\lib\rts2800_fpu32_eabi.lib
       fs_div28.asm.obj              136    0         0      
       exit.c.obj                    41     0         6      
       copy_decompress_lzss.c.obj    46     0         0      
       autoinit.c.obj                43     0         0      
       memcpy.c.obj                  32     0         0      
       boot28.asm.obj                23     0         0      
       args_main.c.obj               18     0         0      
       _lock.c.obj                   9      0         4      
       copy_decompress_none.c.obj    8      0         0      
       pre_init.c.obj                2      0         0      
       startup.c.obj                 1      0         0      
    +--+-----------------------------+------+---------+---------+
       Total:                        359    0         10     
                                                             
       Stack:                        0      0         256    
       Linker Generated:             0      31        0      
    +--+-----------------------------+------+---------+---------+
       Grand Total:                  6399   972       286    


LINKER GENERATED COPY TABLES

__TI_cinit_table @ 00000144 records: 1, size/record: 4, table size: 4
	.data: load addr=00000128, load size=00000017 bytes, run addr=0000abb0, run size=0000001e bytes, compression=lzss


LINKER GENERATED HANDLER TABLE

__TI_handler_table @ 00000140 records: 2, size/record: 2, table size: 4
	index: 0, handler: __TI_decompress_lzss
	index: 1, handler: __TI_decompress_none


GLOBAL DATA SYMBOLS: SORTED BY DATA PAGE

address     data page           name
--------    ----------------    ----
00000400      10 (00000400)     __stack

0000abb0     2ae (0000ab80)     pwmSignal
0000abbe     2ae (0000ab80)     _lock

0000abc0     2af (0000abc0)     Example_Result
0000abc2     2af (0000abc0)     Example_PassCount
0000abc4     2af (0000abc0)     Example_Fail
0000abc6     2af (0000abc0)     __TI_enable_exit_profile_output
0000abc8     2af (0000abc0)     __TI_cleanup_ptr
0000abca     2af (0000abc0)     __TI_dtors_ptr
0000abcc     2af (0000abc0)     _unlock


GLOBAL SYMBOLS: SORTED ALPHABETICALLY BY Name 

page  address   name                                     
----  -------   ----                                     
0     0000b257  Board_init                               
0     00008e31  C$$EXIT                                  
0     00008273  Device_bootCPU2                          
0     00008242  Device_configureTMXAnalogTrim            
0     000080f0  Device_enableAllPeripherals              
0     0000822c  Device_enableUnbondedGPIOPullups         
0     0000820f  Device_enableUnbondedGPIOPullupsFor100Pin
0     000081fc  Device_enableUnbondedGPIOPullupsFor176Pin
0     000080ae  Device_init                              
0     000081db  Device_initGPIO                          
0     0000b4d1  EPWM_configureSignal                     
0     0000b2ba  EPWM_init                                
1     0000abc4  Example_Fail                             
1     0000abc2  Example_PassCount                        
1     0000abc0  Example_Result                           
0     000083fe  Example_done                             
0     000083f9  Example_setResultFail                    
0     000083f4  Example_setResultPass                    
0     0000b42f  GPIO_init                                
0     000087c7  GPIO_setControllerCore                   
0     00008da7  GPIO_setDirectionMode                    
0     00008d73  GPIO_setInterruptPin                     
0     00008aed  GPIO_setPadConfig                        
0     00008cce  GPIO_setPinConfig                        
0     00008d05  GPIO_setQualificationMode                
0     00008f9d  Interrupt_defaultHandler                 
0     00008d3c  Interrupt_enable                         
0     000090c0  Interrupt_illegalOperationHandler        
0     00008c56  Interrupt_initModule                     
0     00008f01  Interrupt_initVectorTable                
0     000090ca  Interrupt_nmiHandler                     
0     0000b262  PinMux_init                              
0     0000b4b3  SYNC_init                                
0     00000123  SysCtl_delay                             
0     00008b3f  SysCtl_getClock                          
0     00008a85  SysCtl_getDeviceParametric               
0     00008f55  SysCtl_getLowSpeedClock                  
0     00008b90  SysCtl_selectOscSource                   
0     0000b6e3  SysCtl_selectXTAL                        
0     00008800  SysCtl_setClock                          
0     00000144  __TI_CINIT_Base                          
0     00000148  __TI_CINIT_Limit                         
0     00000148  __TI_CINIT_Warm                          
0     00000140  __TI_Handler_Table_Base                  
0     00000144  __TI_Handler_Table_Limit                 
1     00000500  __TI_STACK_END                           
abs   00000100  __TI_STACK_SIZE                          
0     00008e06  __TI_auto_init_nobinit_nopinit           
1     0000abc8  __TI_cleanup_ptr                         
0     00008dd8  __TI_decompress_lzss                     
0     000090ee  __TI_decompress_none                     
1     0000abca  __TI_dtors_ptr                           
1     0000abc6  __TI_enable_exit_profile_output          
abs   ffffffff  __TI_pprof_out_hndl                      
abs   ffffffff  __TI_prof_data_size                      
abs   ffffffff  __TI_prof_data_start                     
0     0000b773  __c28xabi_divf                           
abs   ffffffff  __c_args__                               
0     000083ed  __error__                                
1     00000400  __stack                                  
0     0000904a  _args_main                               
0     00008f86  _c_int00                                 
1     0000abbe  _lock                                    
0     000090e5  _nop                                     
0     000090e1  _register_lock                           
0     000090dd  _register_unlock                         
0     0000b7fd  _system_post_cinit                       
0     0000b7fb  _system_pre_init                         
1     0000abcc  _unlock                                  
0     00008e31  abort                                    
0     00000000  code_start                               
0     0000878f  configurePhase                           
0     00008a09  cpuTimer0ISR                             
0     00008e33  exit                                     
0     0000b463  freq_60_out_init                         
0     0000b477  freq_input_sense_init                    
0     00008688  main                                     
0     00008ea4  memcpy                                   
0     0000b48b  output_ctrl_a_init                       
0     0000b49f  output_ctrl_b_init                       
1     0000abb0  pwmSignal                                
0     0000b450  receive_ctrl_a_init                      
0     0000b43c  receive_ctrl_b_init                      
0     00008a3a  xint2_isr                                


GLOBAL SYMBOLS: SORTED BY Symbol Address 

page  address   name                                     
----  -------   ----                                     
0     00000000  code_start                               
0     00000123  SysCtl_delay                             
0     00000140  __TI_Handler_Table_Base                  
0     00000144  __TI_CINIT_Base                          
0     00000144  __TI_Handler_Table_Limit                 
0     00000148  __TI_CINIT_Limit                         
0     00000148  __TI_CINIT_Warm                          
0     000080ae  Device_init                              
0     000080f0  Device_enableAllPeripherals              
0     000081db  Device_initGPIO                          
0     000081fc  Device_enableUnbondedGPIOPullupsFor176Pin
0     0000820f  Device_enableUnbondedGPIOPullupsFor100Pin
0     0000822c  Device_enableUnbondedGPIOPullups         
0     00008242  Device_configureTMXAnalogTrim            
0     00008273  Device_bootCPU2                          
0     000083ed  __error__                                
0     000083f4  Example_setResultPass                    
0     000083f9  Example_setResultFail                    
0     000083fe  Example_done                             
0     00008688  main                                     
0     0000878f  configurePhase                           
0     000087c7  GPIO_setControllerCore                   
0     00008800  SysCtl_setClock                          
0     00008a09  cpuTimer0ISR                             
0     00008a3a  xint2_isr                                
0     00008a85  SysCtl_getDeviceParametric               
0     00008aed  GPIO_setPadConfig                        
0     00008b3f  SysCtl_getClock                          
0     00008b90  SysCtl_selectOscSource                   
0     00008c56  Interrupt_initModule                     
0     00008cce  GPIO_setPinConfig                        
0     00008d05  GPIO_setQualificationMode                
0     00008d3c  Interrupt_enable                         
0     00008d73  GPIO_setInterruptPin                     
0     00008da7  GPIO_setDirectionMode                    
0     00008dd8  __TI_decompress_lzss                     
0     00008e06  __TI_auto_init_nobinit_nopinit           
0     00008e31  C$$EXIT                                  
0     00008e31  abort                                    
0     00008e33  exit                                     
0     00008ea4  memcpy                                   
0     00008f01  Interrupt_initVectorTable                
0     00008f55  SysCtl_getLowSpeedClock                  
0     00008f86  _c_int00                                 
0     00008f9d  Interrupt_defaultHandler                 
0     0000904a  _args_main                               
0     000090c0  Interrupt_illegalOperationHandler        
0     000090ca  Interrupt_nmiHandler                     
0     000090dd  _register_unlock                         
0     000090e1  _register_lock                           
0     000090e5  _nop                                     
0     000090ee  __TI_decompress_none                     
0     0000b257  Board_init                               
0     0000b262  PinMux_init                              
0     0000b2ba  EPWM_init                                
0     0000b42f  GPIO_init                                
0     0000b43c  receive_ctrl_b_init                      
0     0000b450  receive_ctrl_a_init                      
0     0000b463  freq_60_out_init                         
0     0000b477  freq_input_sense_init                    
0     0000b48b  output_ctrl_a_init                       
0     0000b49f  output_ctrl_b_init                       
0     0000b4b3  SYNC_init                                
0     0000b4d1  EPWM_configureSignal                     
0     0000b6e3  SysCtl_selectXTAL                        
0     0000b773  __c28xabi_divf                           
0     0000b7fb  _system_pre_init                         
0     0000b7fd  _system_post_cinit                       
1     00000400  __stack                                  
1     00000500  __TI_STACK_END                           
1     0000abb0  pwmSignal                                
1     0000abbe  _lock                                    
1     0000abc0  Example_Result                           
1     0000abc2  Example_PassCount                        
1     0000abc4  Example_Fail                             
1     0000abc6  __TI_enable_exit_profile_output          
1     0000abc8  __TI_cleanup_ptr                         
1     0000abca  __TI_dtors_ptr                           
1     0000abcc  _unlock                                  
abs   00000100  __TI_STACK_SIZE                          
abs   ffffffff  __TI_pprof_out_hndl                      
abs   ffffffff  __TI_prof_data_size                      
abs   ffffffff  __TI_prof_data_start                     
abs   ffffffff  __c_args__                               

[84 symbols]
